// Jest Snapshot v1, https://goo.gl/fbAQLP

exports[`Calculator renders correctly 1`] = `<DocumentFragment />`;

exports[`Calculator rsnapshot test for Calculator component 1`] = `<DocumentFragment />`;

exports[`Calculator snapshot test for Calculator component 1`] = `<DocumentFragment />`;

exports[`Home  1`] = `
<DocumentFragment>
  <div
    class="container"
  >
    <h2>
      Welcome to our page !
    </h2>
    <br />
    <p>
      Lorem ipsum dolor sit amet, consectetur adipiscing elit, sed do eiusmod
    tempor incididunt ut labore et dolore magna aliqua. Ut enim ad minim veniam,
    quis nostrud exercitation ullamco laboris nisi ut aliquip ex ea commodo
    consequat. Duis aute irure dolor in reprehenderit in voluptate velit esse
    cillum dolore eu fugiat nulla pariatur. Excepteur sint occaecat cupidatat
    non proident, sunt in culpa qui officia deserunt mollit anim id est laborum.
    Sed ut perspiciatis unde omnis iste natus error sit voluptatem accusantium
    doloremque laudantium, totam rem aperiam, eaque ipsa quae ab illo inventore
    veritatis et quasi architecto beatae vitae dicta sunt explicabo. Nemo enim
    ipsam voluptatem quia voluptas sit aspernatur aut odit aut fugit, sed quia
    consequuntur magni dolores eos qui ratione voluptatem sequi nesciunt. Neque
    porro quisquam est, qui dolorem ipsum quia dolor sit amet, consectetur,
    adipisci velit, sed quia non numquam eius modi tempora incidunt ut labore et
    dolore magnam aliquam quaerat voluptatem. Ut enim ad minima veniam, quis
    nostrum exercitationem ullam corporis suscipit laboriosam, nisi ut aliquid
    ex ea commodi consequatur? Quis autem vel eum iure reprehenderit qui in ea
    voluptate velit esse quam nihil molestiae consequatur, vel illum qui dolorem
    eum fugiat quo voluptas nulla pariatur?
    </p>
  </div>
</DocumentFragment>
`;

exports[`Home renders correctly 1`] = `
<DocumentFragment>
  <div
    class="container"
  >
    <h2>
      Welcome to our page !
    </h2>
    <br />
    <p>
      Lorem ipsum dolor sit amet, consectetur adipiscing elit, sed do eiusmod
    tempor incididunt ut labore et dolore magna aliqua. Ut enim ad minim veniam,
    quis nostrud exercitation ullamco laboris nisi ut aliquip ex ea commodo
    consequat. Duis aute irure dolor in reprehenderit in voluptate velit esse
    cillum dolore eu fugiat nulla pariatur. Excepteur sint occaecat cupidatat
    non proident, sunt in culpa qui officia deserunt mollit anim id est laborum.
    Sed ut perspiciatis unde omnis iste natus error sit voluptatem accusantium
    doloremque laudantium, totam rem aperiam, eaque ipsa quae ab illo inventore
    veritatis et quasi architecto beatae vitae dicta sunt explicabo. Nemo enim
    ipsam voluptatem quia voluptas sit aspernatur aut odit aut fugit, sed quia
    consequuntur magni dolores eos qui ratione voluptatem sequi nesciunt. Neque
    porro quisquam est, qui dolorem ipsum quia dolor sit amet, consectetur,
    adipisci velit, sed quia non numquam eius modi tempora incidunt ut labore et
    dolore magnam aliquam quaerat voluptatem. Ut enim ad minima veniam, quis
    nostrum exercitationem ullam corporis suscipit laboriosam, nisi ut aliquid
    ex ea commodi consequatur? Quis autem vel eum iure reprehenderit qui in ea
    voluptate velit esse quam nihil molestiae consequatur, vel illum qui dolorem
    eum fugiat quo voluptas nulla pariatur?
    </p>
  </div>
</DocumentFragment>
`;

exports[`Home snapshot for  1`] = `
<DocumentFragment>
  <div
    class="container"
  >
    <h2>
      Welcome to our page !
    </h2>
    <br />
    <p>
      Lorem ipsum dolor sit amet, consectetur adipiscing elit, sed do eiusmod
    tempor incididunt ut labore et dolore magna aliqua. Ut enim ad minim veniam,
    quis nostrud exercitation ullamco laboris nisi ut aliquip ex ea commodo
    consequat. Duis aute irure dolor in reprehenderit in voluptate velit esse
    cillum dolore eu fugiat nulla pariatur. Excepteur sint occaecat cupidatat
    non proident, sunt in culpa qui officia deserunt mollit anim id est laborum.
    Sed ut perspiciatis unde omnis iste natus error sit voluptatem accusantium
    doloremque laudantium, totam rem aperiam, eaque ipsa quae ab illo inventore
    veritatis et quasi architecto beatae vitae dicta sunt explicabo. Nemo enim
    ipsam voluptatem quia voluptas sit aspernatur aut odit aut fugit, sed quia
    consequuntur magni dolores eos qui ratione voluptatem sequi nesciunt. Neque
    porro quisquam est, qui dolorem ipsum quia dolor sit amet, consectetur,
    adipisci velit, sed quia non numquam eius modi tempora incidunt ut labore et
    dolore magnam aliquam quaerat voluptatem. Ut enim ad minima veniam, quis
    nostrum exercitationem ullam corporis suscipit laboriosam, nisi ut aliquid
    ex ea commodi consequatur? Quis autem vel eum iure reprehenderit qui in ea
    voluptate velit esse quam nihil molestiae consequatur, vel illum qui dolorem
    eum fugiat quo voluptas nulla pariatur?
    </p>
  </div>
</DocumentFragment>
`;

exports[`Home snapshot test for Home component 1`] = `
<DocumentFragment>
  <div
    class="container"
  >
    <h2>
      Welcome to our page !
    </h2>
    <br />
    <p>
      Lorem ipsum dolor sit amet, consectetur adipiscing elit, sed do eiusmod
    tempor incididunt ut labore et dolore magna aliqua. Ut enim ad minim veniam,
    quis nostrud exercitation ullamco laboris nisi ut aliquip ex ea commodo
    consequat. Duis aute irure dolor in reprehenderit in voluptate velit esse
    cillum dolore eu fugiat nulla pariatur. Excepteur sint occaecat cupidatat
    non proident, sunt in culpa qui officia deserunt mollit anim id est laborum.
    Sed ut perspiciatis unde omnis iste natus error sit voluptatem accusantium
    doloremque laudantium, totam rem aperiam, eaque ipsa quae ab illo inventore
    veritatis et quasi architecto beatae vitae dicta sunt explicabo. Nemo enim
    ipsam voluptatem quia voluptas sit aspernatur aut odit aut fugit, sed quia
    consequuntur magni dolores eos qui ratione voluptatem sequi nesciunt. Neque
    porro quisquam est, qui dolorem ipsum quia dolor sit amet, consectetur,
    adipisci velit, sed quia non numquam eius modi tempora incidunt ut labore et
    dolore magnam aliquam quaerat voluptatem. Ut enim ad minima veniam, quis
    nostrum exercitationem ullam corporis suscipit laboriosam, nisi ut aliquid
    ex ea commodi consequatur? Quis autem vel eum iure reprehenderit qui in ea
    voluptate velit esse quam nihil molestiae consequatur, vel illum qui dolorem
    eum fugiat quo voluptas nulla pariatur?
    </p>
  </div>
</DocumentFragment>
`;

exports[`Home snapshot testu for Home component 1`] = `
<DocumentFragment>
  <div
    class="container"
  >
    <h2>
      Welcome to our page !
    </h2>
    <br />
    <p>
      Lorem ipsum dolor sit amet, consectetur adipiscing elit, sed do eiusmod
    tempor incididunt ut labore et dolore magna aliqua. Ut enim ad minim veniam,
    quis nostrud exercitation ullamco laboris nisi ut aliquip ex ea commodo
    consequat. Duis aute irure dolor in reprehenderit in voluptate velit esse
    cillum dolore eu fugiat nulla pariatur. Excepteur sint occaecat cupidatat
    non proident, sunt in culpa qui officia deserunt mollit anim id est laborum.
    Sed ut perspiciatis unde omnis iste natus error sit voluptatem accusantium
    doloremque laudantium, totam rem aperiam, eaque ipsa quae ab illo inventore
    veritatis et quasi architecto beatae vitae dicta sunt explicabo. Nemo enim
    ipsam voluptatem quia voluptas sit aspernatur aut odit aut fugit, sed quia
    consequuntur magni dolores eos qui ratione voluptatem sequi nesciunt. Neque
    porro quisquam est, qui dolorem ipsum quia dolor sit amet, consectetur,
    adipisci velit, sed quia non numquam eius modi tempora incidunt ut labore et
    dolore magnam aliquam quaerat voluptatem. Ut enim ad minima veniam, quis
    nostrum exercitationem ullam corporis suscipit laboriosam, nisi ut aliquid
    ex ea commodi consequatur? Quis autem vel eum iure reprehenderit qui in ea
    voluptate velit esse quam nihil molestiae consequatur, vel illum qui dolorem
    eum fugiat quo voluptas nulla pariatur?
    </p>
  </div>
</DocumentFragment>
`;

exports[`Navbar renders correctly 1`] = `
<DocumentFragment>
  <nav
    class="navbar"
  >
    <h1
      class="header"
    >
      Math Magicians
    </h1>
    <ul
      class="nav-links"
    >
      <li>
        <a
          aria-current="page"
          class="active"
          href="/"
        >
          Home
        </a>
      </li>
      <li>
        <a
          class=""
          href="/calculator"
        >
          Calculator
        </a>
      </li>
      <li>
        <a
          class=""
          href="/quote"
        >
          Quote
        </a>
      </li>
    </ul>
  </nav>
</DocumentFragment>
`;

exports[`Navbar snapshot test for Home component 1`] = `
<DocumentFragment>
  <nav
    class="navbar"
  >
    <h1
      class="header"
    >
      Math Magicians
    </h1>
    <ul
      class="nav-links"
    >
      <li>
        <a
          aria-current="page"
          class="active"
          href="/"
        >
          Home
        </a>
      </li>
      <li>
        <a
          class=""
          href="/calculator"
        >
          Calculator
        </a>
      </li>
      <li>
        <a
          class=""
          href="/quote"
        >
          Quote
        </a>
      </li>
    </ul>
  </nav>
</DocumentFragment>
`;

exports[`Navbar snapshot test for Navbar component 1`] = `
<DocumentFragment>
  <nav
    class="navbar"
  >
    <h1
      class="header"
    >
      Math Magicians
    </h1>
    <ul
      class="nav-links"
    >
      <li>
        <a
          aria-current="page"
          class="active"
          href="/"
        >
          Home
        </a>
      </li>
      <li>
        <a
          class=""
          href="/calculator"
        >
          Calculator
        </a>
      </li>
      <li>
        <a
          class=""
          href="/quote"
        >
          Quote
        </a>
      </li>
    </ul>
  </nav>
</DocumentFragment>
`;

exports[`Quotes should render the quotes 1`] = `
<DocumentFragment>
  <div
    class="container quoteContainer"
  >
    <p>
      <span>
        Mathematics is not about numbers, equations, computations, or algorithms: it is about understanding.
      </span>
      <span>
          -  
      </span>
      <span
        class="italize"
      >
        William Paul Thurston
      </span>
    </p>
  </div>
</DocumentFragment>
`;
